Person class
Place class
Thing class
4
[Knox,Amy,Mush,Skr]
-1
1
true
false